SET search_path TO helio_api,helio_core,helio_api_catalog;
SET helio_api.next_collection_id TO 3600;
SET helio_api.next_collection_index_id TO 3600;
-- $getField operator
-- positive cases
-- entire expression
-- field parsed from $literal
SELECT * FROM helio_api_catalog.bson_dollar_project('{}', '{"result": { "fieldValue": {"$getField": {"field": { "$literal": "a" }, "input": {"a": { "b": 3 }}}}}}');
ERROR:  schema "helio_api_catalog" does not exist
LINE 1: SELECT * FROM helio_api_catalog.bson_dollar_project('{}', '{...
                      ^
-- input be a system variable
SELECT * FROM helio_api_catalog.bson_dollar_project('{"a": { "b": 3 }}', '{"result": { "fieldValue": {"$getField": {"field": "a", "input": "$$ROOT"}}}}');
ERROR:  schema "helio_api_catalog" does not exist
LINE 1: SELECT * FROM helio_api_catalog.bson_dollar_project('{"a": {...
                      ^
-- input be null
SELECT * FROM helio_api_catalog.bson_dollar_project('{"a": { "b": 3 }}', '{"result": { "fieldValue": {"$getField": {"field": "a", "input": null}}}}');
ERROR:  schema "helio_api_catalog" does not exist
LINE 1: SELECT * FROM helio_api_catalog.bson_dollar_project('{"a": {...
                      ^
-- input be a path
SELECT * FROM helio_api_catalog.bson_dollar_project('{"a": { "b": 3 }}', '{"result": { "fieldValue": {"$getField": {"field": "b", "input": "$a"}}}}');
ERROR:  schema "helio_api_catalog" does not exist
LINE 1: SELECT * FROM helio_api_catalog.bson_dollar_project('{"a": {...
                      ^
-- input be a missing path
SELECT * FROM helio_api_catalog.bson_dollar_project('{"a": { "b": 3 }}', '{"result": { "fieldValue": {"$getField": {"field": "b", "input": "$adf"}}}}');
ERROR:  schema "helio_api_catalog" does not exist
LINE 1: SELECT * FROM helio_api_catalog.bson_dollar_project('{"a": {...
                      ^
-- input be constant
SELECT * FROM helio_api_catalog.bson_dollar_project('{"a": { "b": 3 }}', '{"result": { "fieldValue": {"$getField": {"field": "b", "input": "dx"}}}}');
ERROR:  schema "helio_api_catalog" does not exist
LINE 1: SELECT * FROM helio_api_catalog.bson_dollar_project('{"a": {...
                      ^
-- get array field value
SELECT * FROM helio_api_catalog.bson_dollar_project('{"a": { "b": ["1"] }}', '{"result": { "fieldValue": {"$getField": {"field": "b", "input": "$a"}}}}');
ERROR:  schema "helio_api_catalog" does not exist
LINE 1: SELECT * FROM helio_api_catalog.bson_dollar_project('{"a": {...
                      ^
-- get document field value
SELECT * FROM helio_api_catalog.bson_dollar_project('{"a": { "b": {"c": "1"} }}', '{"result": { "fieldValue": {"$getField": {"field": "b", "input": "$a"}}}}');
ERROR:  schema "helio_api_catalog" does not exist
LINE 1: SELECT * FROM helio_api_catalog.bson_dollar_project('{"a": {...
                      ^
-- field name contains $ and .
SELECT * FROM helio_api_catalog.bson_dollar_project('{"a": { "b": {"c": "nested text"}, "b.c": "plain text" }}', '{"result": { "fieldValue": {"$getField": {"field": "b.c", "input": "$a"}}}}');
ERROR:  schema "helio_api_catalog" does not exist
LINE 1: SELECT * FROM helio_api_catalog.bson_dollar_project('{"a": {...
                      ^
SELECT * FROM helio_api_catalog.bson_dollar_project('{"a": { "$b.01": {"c": "1"} }}', '{"result": { "fieldValue": {"$getField": {"field": { "$literal": "$b.01" }, "input": "$a"}}}}');
ERROR:  schema "helio_api_catalog" does not exist
LINE 1: SELECT * FROM helio_api_catalog.bson_dollar_project('{"a": {...
                      ^
-- nested expression
SELECT * FROM helio_api_catalog.bson_dollar_project('{"a": { "b": 3 }}', '{"result": { "fieldValue": {"$getField": {"field": "b", "input": { "$getField": "a" }}}}}');
ERROR:  schema "helio_api_catalog" does not exist
LINE 1: SELECT * FROM helio_api_catalog.bson_dollar_project('{"a": {...
                      ^
-- test pipeline
SELECT helio_api.insert_one('db','getfield','{"_id":"1", "a": null }', NULL);
ERROR:  schema "helio_api" does not exist
LINE 1: SELECT helio_api.insert_one('db','getfield','{"_id":"1", "a"...
               ^
SELECT helio_api.insert_one('db','getfield','{"_id":"2", "a": { "b": 1 } }', NULL);
ERROR:  schema "helio_api" does not exist
LINE 1: SELECT helio_api.insert_one('db','getfield','{"_id":"2", "a"...
               ^
SELECT helio_api.insert_one('db','getfield','{"_id":"3"}', NULL);
ERROR:  schema "helio_api" does not exist
LINE 1: SELECT helio_api.insert_one('db','getfield','{"_id":"3"}', N...
               ^
SELECT document FROM bson_aggregation_pipeline('db', '{ "aggregate": "getfield", "pipeline": [ { "$project": { "fieldValue": { "$getField": { "field": "b", "input": "$a" }}}}], "cursor": {} }');
ERROR:  function bson_aggregation_pipeline(unknown, unknown) does not exist
LINE 1: SELECT document FROM bson_aggregation_pipeline('db', '{ "agg...
                             ^
HINT:  No function matches the given name and argument types. You might need to add explicit type casts.
-- shorthand expression
-- input will be $$CURRENT
SELECT * FROM helio_api_catalog.bson_dollar_project('{"a": { "b": 3 }}', '{"result": { "fieldValue": {"$getField": "a"}}}');
ERROR:  schema "helio_api_catalog" does not exist
LINE 1: SELECT * FROM helio_api_catalog.bson_dollar_project('{"a": {...
                      ^
SELECT * FROM helio_api_catalog.bson_dollar_project('{"a": { "b": 3 }}', '{"result": { "fieldValue": {"$getField": "b"}}}');
ERROR:  schema "helio_api_catalog" does not exist
LINE 1: SELECT * FROM helio_api_catalog.bson_dollar_project('{"a": {...
                      ^
-- negative cases
-- full expression
-- field is required
SELECT * FROM helio_api_catalog.bson_dollar_project('{}', '{"result": { "fieldValue": {"$getField": {}}}}');
ERROR:  schema "helio_api_catalog" does not exist
LINE 1: SELECT * FROM helio_api_catalog.bson_dollar_project('{}', '{...
                      ^
SELECT * FROM helio_api_catalog.bson_dollar_project('{}', '{"result": { "fieldValue": {"$getField": {"input": {}}}}}');
ERROR:  schema "helio_api_catalog" does not exist
LINE 1: SELECT * FROM helio_api_catalog.bson_dollar_project('{}', '{...
                      ^
-- input is required
SELECT * FROM helio_api_catalog.bson_dollar_project('{}', '{"result": { "fieldValue": {"$getField": {"field": "a"}}}}');
ERROR:  schema "helio_api_catalog" does not exist
LINE 1: SELECT * FROM helio_api_catalog.bson_dollar_project('{}', '{...
                      ^
-- field must be a string
SELECT * FROM helio_api_catalog.bson_dollar_project('{}', '{"result": { "fieldValue": {"$getField": {"field": null, "input": {}}}}}');
ERROR:  schema "helio_api_catalog" does not exist
LINE 1: SELECT * FROM helio_api_catalog.bson_dollar_project('{}', '{...
                      ^
SELECT * FROM helio_api_catalog.bson_dollar_project('{}', '{"result": { "fieldValue": {"$getField": {"field": 1, "input": {}}}}}');
ERROR:  schema "helio_api_catalog" does not exist
LINE 1: SELECT * FROM helio_api_catalog.bson_dollar_project('{}', '{...
                      ^
SELECT * FROM helio_api_catalog.bson_dollar_project('{}', '{"result": { "fieldValue": {"$getField": {"field": [], "input": {}}}}}');
ERROR:  schema "helio_api_catalog" does not exist
LINE 1: SELECT * FROM helio_api_catalog.bson_dollar_project('{}', '{...
                      ^
-- field is a path
SELECT * FROM helio_api_catalog.bson_dollar_project('{}', '{"result": { "fieldValue": {"$getField": {"field": "$a", "input": {"a": { "b": 3 }}}}}}');
ERROR:  schema "helio_api_catalog" does not exist
LINE 1: SELECT * FROM helio_api_catalog.bson_dollar_project('{}', '{...
                      ^
-- shorthand expression
-- field must be a string
SELECT * FROM helio_api_catalog.bson_dollar_project('{}', '{"result": { "fieldValue": {"$getField": []}}}');
ERROR:  schema "helio_api_catalog" does not exist
LINE 1: SELECT * FROM helio_api_catalog.bson_dollar_project('{}', '{...
                      ^
-- field is an operator
SELECT * FROM helio_api_catalog.bson_dollar_project('{}', '{"result": { "fieldValue": {"$getField": { "$add": [2, 3 ]}}}}');
ERROR:  schema "helio_api_catalog" does not exist
LINE 1: SELECT * FROM helio_api_catalog.bson_dollar_project('{}', '{...
                      ^
-- $unsetField
-- postive cases
-- null input
SELECT * FROM helio_api_catalog.bson_dollar_project('{}', '{"result": { "fieldValue": {"$unsetField": {"field": "a", "input": null}}}}');
ERROR:  schema "helio_api_catalog" does not exist
LINE 1: SELECT * FROM helio_api_catalog.bson_dollar_project('{}', '{...
                      ^
-- empty input
SELECT * FROM helio_api_catalog.bson_dollar_project('{}', '{"result": { "fieldValue": {"$unsetField": {"field": "a", "input": {}}}}}');
ERROR:  schema "helio_api_catalog" does not exist
LINE 1: SELECT * FROM helio_api_catalog.bson_dollar_project('{}', '{...
                      ^
-- remove from input argument not current document
SELECT * FROM helio_api_catalog.bson_dollar_project('{}', '{"result": { "fieldValue": {"$unsetField": {"field": "a", "input": {"a": 1, "b": 2}}}}}');
ERROR:  schema "helio_api_catalog" does not exist
LINE 1: SELECT * FROM helio_api_catalog.bson_dollar_project('{}', '{...
                      ^
-- won't traverse objects automatically with dotted field
SELECT * FROM helio_api_catalog.bson_dollar_project('{"a": {"b": 1}, "a.b": 2}', '{"result": { "fieldValue": {"$unsetField": {"field": "a.b", "input": "$$ROOT"}}}}');
ERROR:  schema "helio_api_catalog" does not exist
LINE 1: SELECT * FROM helio_api_catalog.bson_dollar_project('{"a": {...
                      ^
-- field name starts with $
SELECT * FROM helio_api_catalog.bson_dollar_project('{"$a": 1, "b": 2}', '{"result": { "fieldValue": {"$unsetField": {"field": { "$const": "$a" }, "input": "$$ROOT"}}}}');
ERROR:  schema "helio_api_catalog" does not exist
LINE 1: SELECT * FROM helio_api_catalog.bson_dollar_project('{"$a": ...
                      ^
-- take specific path from current document
SELECT * FROM helio_api_catalog.bson_dollar_project('{"a": {"b": 1, "c": 2}}', '{"result": { "fieldValue": {"$unsetField": {"field": "b", "input": "$a"}}}}');
ERROR:  schema "helio_api_catalog" does not exist
LINE 1: SELECT * FROM helio_api_catalog.bson_dollar_project('{"a": {...
                      ^
-- cooperate with getField
SELECT * FROM helio_api_catalog.bson_dollar_project('{"a": {"b": 1, "c": 2}}', '{"result": { "fieldValue": {"$unsetField": {"field": "b", "input": {"$getField": "a"}}}}}');
ERROR:  schema "helio_api_catalog" does not exist
LINE 1: SELECT * FROM helio_api_catalog.bson_dollar_project('{"a": {...
                      ^
-- unset an array
SELECT * FROM helio_api_catalog.bson_dollar_project('{"a": {"b": 1, "c": 2}, "d": [2, 3]}', '{"result": { "fieldValue": {"$unsetField": {"field": "d", "input": "$$ROOT"}}}}');
ERROR:  schema "helio_api_catalog" does not exist
LINE 1: SELECT * FROM helio_api_catalog.bson_dollar_project('{"a": {...
                      ^
-- negative cases
SELECT * FROM helio_api_catalog.bson_dollar_project('{}', '{"result": { "fieldValue": {"$unsetField": 1}}}');
ERROR:  schema "helio_api_catalog" does not exist
LINE 1: SELECT * FROM helio_api_catalog.bson_dollar_project('{}', '{...
                      ^
SELECT * FROM helio_api_catalog.bson_dollar_project('{}', '{"result": { "fieldValue": {"$unsetField": {"field": "a"}}}}');
ERROR:  schema "helio_api_catalog" does not exist
LINE 1: SELECT * FROM helio_api_catalog.bson_dollar_project('{}', '{...
                      ^
SELECT * FROM helio_api_catalog.bson_dollar_project('{}', '{"result": { "fieldValue": {"$unsetField": {"input": null}}}}');
ERROR:  schema "helio_api_catalog" does not exist
LINE 1: SELECT * FROM helio_api_catalog.bson_dollar_project('{}', '{...
                      ^
SELECT * FROM helio_api_catalog.bson_dollar_project('{}', '{"result": { "fieldValue": {"$unsetField": {"field": "a", "input": null, "value": 1}}}}');
ERROR:  schema "helio_api_catalog" does not exist
LINE 1: SELECT * FROM helio_api_catalog.bson_dollar_project('{}', '{...
                      ^
SELECT * FROM helio_api_catalog.bson_dollar_project('{}', '{"result": { "fieldValue": {"$unsetField": {"field": {"$add": [2, 3]}, "input": null}}}}');
ERROR:  schema "helio_api_catalog" does not exist
LINE 1: SELECT * FROM helio_api_catalog.bson_dollar_project('{}', '{...
                      ^
SELECT * FROM helio_api_catalog.bson_dollar_project('{}', '{"result": { "fieldValue": {"$unsetField": {"field": "$a", "input": null}}}}');
ERROR:  schema "helio_api_catalog" does not exist
LINE 1: SELECT * FROM helio_api_catalog.bson_dollar_project('{}', '{...
                      ^
SELECT * FROM helio_api_catalog.bson_dollar_project('{}', '{"result": { "fieldValue": {"$unsetField": {"field": 5, "input": null}}}}');
ERROR:  schema "helio_api_catalog" does not exist
LINE 1: SELECT * FROM helio_api_catalog.bson_dollar_project('{}', '{...
                      ^
SELECT * FROM helio_api_catalog.bson_dollar_project('{}', '{"result": { "fieldValue": {"$unsetField": {"field": ["a"], "input": null}}}}');
ERROR:  schema "helio_api_catalog" does not exist
LINE 1: SELECT * FROM helio_api_catalog.bson_dollar_project('{}', '{...
                      ^
SELECT * FROM helio_api_catalog.bson_dollar_project('{}', '{"result": { "fieldValue": {"$unsetField": {"field": null, "input": null}}}}');
ERROR:  schema "helio_api_catalog" does not exist
LINE 1: SELECT * FROM helio_api_catalog.bson_dollar_project('{}', '{...
                      ^
SELECT * FROM helio_api_catalog.bson_dollar_project('{}', '{"result": { "fieldValue": {"$unsetField": {"field": "a", "input": 3}}}}');
ERROR:  schema "helio_api_catalog" does not exist
LINE 1: SELECT * FROM helio_api_catalog.bson_dollar_project('{}', '{...
                      ^
SELECT * FROM helio_api_catalog.bson_dollar_project('{}', '{"result": { "fieldValue": {"$unsetField": {"field": "a", "input": {"$add": [2, 3]}}}}}');
ERROR:  schema "helio_api_catalog" does not exist
LINE 1: SELECT * FROM helio_api_catalog.bson_dollar_project('{}', '{...
                      ^
