SET search_path TO helio_api,helio_core;
SET helio_api.next_collection_id TO 9200;
SET helio_api.next_collection_index_id TO 9200;
SELECT helio_api.insert_one('db', 'graph_lookup_employees', '{ "_id" : 1, "name" : "Dev" }');
ERROR:  schema "helio_api" does not exist
LINE 1: SELECT helio_api.insert_one('db', 'graph_lookup_employees', ...
               ^
SELECT helio_api.insert_one('db', 'graph_lookup_employees', '{ "_id" : 2, "name" : "Eliot", "reportsTo" : "Dev" }');
ERROR:  schema "helio_api" does not exist
LINE 1: SELECT helio_api.insert_one('db', 'graph_lookup_employees', ...
               ^
SELECT helio_api.insert_one('db', 'graph_lookup_employees', '{ "_id" : 3, "name" : "Ron", "reportsTo" : "Eliot" }');
ERROR:  schema "helio_api" does not exist
LINE 1: SELECT helio_api.insert_one('db', 'graph_lookup_employees', ...
               ^
SELECT helio_api.insert_one('db', 'graph_lookup_employees', '{ "_id" : 4, "name" : "Andrew", "reportsTo" : "Eliot" }');
ERROR:  schema "helio_api" does not exist
LINE 1: SELECT helio_api.insert_one('db', 'graph_lookup_employees', ...
               ^
SELECT helio_api.insert_one('db', 'graph_lookup_employees', '{ "_id" : 5, "name" : "Asya", "reportsTo" : "Ron" }');
ERROR:  schema "helio_api" does not exist
LINE 1: SELECT helio_api.insert_one('db', 'graph_lookup_employees', ...
               ^
SELECT helio_api.insert_one('db', 'graph_lookup_employees', '{ "_id" : 6, "name" : "Dan", "reportsTo" : "Andrew" }');
ERROR:  schema "helio_api" does not exist
LINE 1: SELECT helio_api.insert_one('db', 'graph_lookup_employees', ...
               ^
SELECT document FROM helio_api_catalog.bson_aggregation_pipeline('db',
    '{ "aggregate": "graph_lookup_employees", "pipeline": [ { "$graphLookup": { "from": "graph_lookup_employees", "startWith": "$reportsTo", "connectFromField": "reportsTo", "connectToField": "name", "as": "reportingHierarchy" } } ]}');
ERROR:  schema "helio_api_catalog" does not exist
LINE 1: SELECT document FROM helio_api_catalog.bson_aggregation_pipe...
                             ^
EXPLAIN (VERBOSE ON, COSTS OFF) SELECT document FROM helio_api_catalog.bson_aggregation_pipeline('db',
    '{ "aggregate": "graph_lookup_employees", "pipeline": [ { "$graphLookup": { "from": "graph_lookup_employees", "startWith": "$reportsTo", "connectFromField": "reportsTo", "connectToField": "name", "as": "reportingHierarchy" } } ]}');
ERROR:  schema "helio_api_catalog" does not exist
LINE 1: ...LAIN (VERBOSE ON, COSTS OFF) SELECT document FROM helio_api_...
                                                             ^
SELECT helio_api.insert_one('db', 'graph_lookup_airports', '{ "_id" : 0, "airport" : "JFK", "connects" : [ "BOS", "ORD" ] }');
ERROR:  schema "helio_api" does not exist
LINE 1: SELECT helio_api.insert_one('db', 'graph_lookup_airports', '...
               ^
SELECT helio_api.insert_one('db', 'graph_lookup_airports', '{ "_id" : 1, "airport" : "BOS", "connects" : [ "JFK", "PWM" ] }');
ERROR:  schema "helio_api" does not exist
LINE 1: SELECT helio_api.insert_one('db', 'graph_lookup_airports', '...
               ^
SELECT helio_api.insert_one('db', 'graph_lookup_airports', '{ "_id" : 2, "airport" : "ORD", "connects" : [ "JFK" ] }');
ERROR:  schema "helio_api" does not exist
LINE 1: SELECT helio_api.insert_one('db', 'graph_lookup_airports', '...
               ^
SELECT helio_api.insert_one('db', 'graph_lookup_airports', '{ "_id" : 3, "airport" : "PWM", "connects" : [ "BOS", "LHR" ] }');
ERROR:  schema "helio_api" does not exist
LINE 1: SELECT helio_api.insert_one('db', 'graph_lookup_airports', '...
               ^
SELECT helio_api.insert_one('db', 'graph_lookup_airports', '{ "_id" : 4, "airport" : "LHR", "connects" : [ "PWM" ] }');
ERROR:  schema "helio_api" does not exist
LINE 1: SELECT helio_api.insert_one('db', 'graph_lookup_airports', '...
               ^
SELECT helio_api.insert_one('db', 'graph_lookup_travelers', '{ "_id" : 1, "name" : "Dev", "nearestAirport" : "JFK" }');
ERROR:  schema "helio_api" does not exist
LINE 1: SELECT helio_api.insert_one('db', 'graph_lookup_travelers', ...
               ^
SELECT helio_api.insert_one('db', 'graph_lookup_travelers', '{ "_id" : 2, "name" : "Eliot", "nearestAirport" : "JFK" }');
ERROR:  schema "helio_api" does not exist
LINE 1: SELECT helio_api.insert_one('db', 'graph_lookup_travelers', ...
               ^
SELECT helio_api.insert_one('db', 'graph_lookup_travelers', '{ "_id" : 3, "name" : "Jeff", "nearestAirport" : "BOS" }');
ERROR:  schema "helio_api" does not exist
LINE 1: SELECT helio_api.insert_one('db', 'graph_lookup_travelers', ...
               ^
SELECT document FROM helio_api_catalog.bson_aggregation_pipeline('db',
    '{ "aggregate": "graph_lookup_travelers", "pipeline": [ { "$graphLookup": { "from": "graph_lookup_airports", "startWith": "$nearestAirport", "connectFromField": "connects", "connectToField": "airport", "as": "destinations", "maxDepth": 2 } } ]}');
ERROR:  schema "helio_api_catalog" does not exist
LINE 1: SELECT document FROM helio_api_catalog.bson_aggregation_pipe...
                             ^
EXPLAIN (VERBOSE ON, COSTS OFF) SELECT document FROM helio_api_catalog.bson_aggregation_pipeline('db',
    '{ "aggregate": "graph_lookup_travelers", "pipeline": [ { "$graphLookup": { "from": "graph_lookup_airports", "startWith": "$nearestAirport", "connectFromField": "connects", "connectToField": "airport", "as": "destinations", "maxDepth": 2 } } ]}');
ERROR:  schema "helio_api_catalog" does not exist
LINE 1: ...LAIN (VERBOSE ON, COSTS OFF) SELECT document FROM helio_api_...
                                                             ^
SELECT document FROM helio_api_catalog.bson_aggregation_pipeline('db',
    '{ "aggregate": "graph_lookup_travelers", "pipeline": [ { "$graphLookup": { "from": "graph_lookup_airports", "startWith": "$nearestAirport", "connectFromField": "connects", "connectToField": "airport", "as": "destinations", "depthField": "depth" } } ]}');
ERROR:  schema "helio_api_catalog" does not exist
LINE 1: SELECT document FROM helio_api_catalog.bson_aggregation_pipe...
                             ^
EXPLAIN (VERBOSE ON, COSTS OFF) SELECT document FROM helio_api_catalog.bson_aggregation_pipeline('db',
    '{ "aggregate": "graph_lookup_travelers", "pipeline": [ { "$graphLookup": { "from": "graph_lookup_airports", "startWith": "$nearestAirport", "connectFromField": "connects", "connectToField": "airport", "as": "destinations", "depthField": "depth" } } ]}');
ERROR:  schema "helio_api_catalog" does not exist
LINE 1: ...LAIN (VERBOSE ON, COSTS OFF) SELECT document FROM helio_api_...
                                                             ^
-- $graphLookup inside $facet
SELECT document FROM helio_api_catalog.bson_aggregation_pipeline('db',
    '{ "aggregate": "graph_lookup_employees", "pipeline": [ { "$facet": { "inner": [ { "$graphLookup": { "from": "graph_lookup_employees", "startWith": "$reportsTo", "connectFromField": "reportsTo", "connectToField": "name", "as": "reportingHierarchy" } } ] } } ]}');
ERROR:  schema "helio_api_catalog" does not exist
LINE 1: SELECT document FROM helio_api_catalog.bson_aggregation_pipe...
                             ^
-- $graphLookup inside $lookup
SELECT document FROM helio_api_catalog.bson_aggregation_pipeline('db',
    '{ "aggregate": "graph_lookup_travelers", "pipeline": [ { "$lookup": { "from": "graph_lookup_employees", "as": "inner", "pipeline": [ { "$graphLookup": { "from": "graph_lookup_employees", "startWith": "$reportsTo", "connectFromField": "reportsTo", "connectToField": "name", "as": "reportingHierarchy" } } ] } } ]}');
ERROR:  schema "helio_api_catalog" does not exist
LINE 1: SELECT document FROM helio_api_catalog.bson_aggregation_pipe...
                             ^
-- source can be sharded
SELECT helio_api.shard_collection('db', 'graph_lookup_travelers', '{ "_id": "hashed" }', false);
ERROR:  schema "helio_api" does not exist
LINE 1: SELECT helio_api.shard_collection('db', 'graph_lookup_travel...
               ^
SELECT document FROM helio_api_catalog.bson_aggregation_pipeline('db',
    '{ "aggregate": "graph_lookup_travelers", "pipeline": [ { "$graphLookup": { "from": "graph_lookup_airports", "startWith": "$nearestAirport", "connectFromField": "connects", "connectToField": "airport", "as": "destinations", "maxDepth": 2 } } ]}');
ERROR:  schema "helio_api_catalog" does not exist
LINE 1: SELECT document FROM helio_api_catalog.bson_aggregation_pipe...
                             ^
-- target cannot be sharded
SELECT helio_api.shard_collection('db', 'graph_lookup_airports', '{ "_id": "hashed" }', false);
ERROR:  schema "helio_api" does not exist
LINE 1: SELECT helio_api.shard_collection('db', 'graph_lookup_airpor...
               ^
SELECT helio_api.shard_collection('db', 'graph_lookup_employees', '{ "_id": "hashed" }', false);
ERROR:  schema "helio_api" does not exist
LINE 1: SELECT helio_api.shard_collection('db', 'graph_lookup_employ...
               ^
SELECT document FROM helio_api_catalog.bson_aggregation_pipeline('db',
    '{ "aggregate": "graph_lookup_employees", "pipeline": [ { "$graphLookup": { "from": "graph_lookup_employees", "startWith": "$reportsTo", "connectFromField": "reportsTo", "connectToField": "name", "as": "reportingHierarchy" } } ]}');
ERROR:  schema "helio_api_catalog" does not exist
LINE 1: SELECT document FROM helio_api_catalog.bson_aggregation_pipe...
                             ^
SELECT document FROM helio_api_catalog.bson_aggregation_pipeline('db',
    '{ "aggregate": "graph_lookup_travelers", "pipeline": [ { "$graphLookup": { "from": "graph_lookup_airports", "startWith": "$nearestAirport", "connectFromField": "connects", "connectToField": "airport", "as": "destinations", "maxDepth": 2 } } ]}');
ERROR:  schema "helio_api_catalog" does not exist
LINE 1: SELECT document FROM helio_api_catalog.bson_aggregation_pipe...
                             ^
