-- show all functions exported in documentdb_api_distributed
\df documentdb_api_distributed.*
                       List of functions
 Schema | Name | Result data type | Argument data types | Type 
---------------------------------------------------------------------
(0 rows)

-- show all aggregates exported
\da+ documentdb_api_distributed.*
                     List of aggregate functions
 Schema | Name | Result data type | Argument data types | Description 
---------------------------------------------------------------------
(0 rows)

-- This is last (Tables/indexes)
\d documentdb_api_distributed.*
