SET search_path TO helio_core,helio_api,helio_api_catalog,helio_api_internal;
SET citus.next_shard_id TO 6630000;
SET helio_api.next_collection_id TO 6630;
SET helio_api.next_collection_index_id TO 6630;
SELECT helio_api.insert_one('db', 'distinct1', '{ "a": 1, "b": { "c": "foo" } }');
NOTICE:  creating collection
                              insert_one                              
---------------------------------------------------------------------
 { "n" : { "$numberInt" : "1" }, "ok" : { "$numberDouble" : "1.0" } }
(1 row)

SELECT helio_api.insert_one('db', 'distinct1', '{ "a": 2, "b": { "c": "bar" } }');
                              insert_one                              
---------------------------------------------------------------------
 { "n" : { "$numberInt" : "1" }, "ok" : { "$numberDouble" : "1.0" } }
(1 row)

SELECT helio_api.insert_one('db', 'distinct1', '{ "a": 2, "b": { "c": "baz" } }');
                              insert_one                              
---------------------------------------------------------------------
 { "n" : { "$numberInt" : "1" }, "ok" : { "$numberDouble" : "1.0" } }
(1 row)

SELECT helio_api.insert_one('db', 'distinct1', '{ "a": 2, "b": { "c": "foo" } }');
                              insert_one                              
---------------------------------------------------------------------
 { "n" : { "$numberInt" : "1" }, "ok" : { "$numberDouble" : "1.0" } }
(1 row)

SELECT helio_api.insert_one('db', 'distinct1', '{ "a": 3, "b": { "c": "foo" } }');
                              insert_one                              
---------------------------------------------------------------------
 { "n" : { "$numberInt" : "1" }, "ok" : { "$numberDouble" : "1.0" } }
(1 row)

-- this is what the query will look like from the GW
PREPARE distinctQuery(text, text, text) AS (WITH r1 AS (SELECT DISTINCT 
    bson_distinct_unwind(document, $3) AS document FROM helio_api.collection($1, $2)) 
    SELECT bson_build_distinct_response(COALESCE(array_agg(document), '{}'::bson[])) FROM r1);
PREPARE distinctQueryWithFilter(text, text, text, bson) AS (WITH r1 AS (SELECT DISTINCT 
    bson_distinct_unwind(document, $3) AS document FROM helio_api.collection($1, $2) WHERE document @@ $4 )
    SELECT bson_build_distinct_response(COALESCE(array_agg(document), '{}'::bson[])) FROM r1);
EXECUTE distinctQuery('db', 'distinct1', 'a');
                                                 bson_build_distinct_response                                                  
---------------------------------------------------------------------
 { "values" : [ { "$numberInt" : "2" }, { "$numberInt" : "3" }, { "$numberInt" : "1" } ], "ok" : { "$numberDouble" : "1.0" } }
(1 row)

EXECUTE distinctQueryWithFilter('db', 'distinct1', 'a', '{ "a": { "$lt": 3 }}');
                                     bson_build_distinct_response                                      
---------------------------------------------------------------------
 { "values" : [ { "$numberInt" : "2" }, { "$numberInt" : "1" } ], "ok" : { "$numberDouble" : "1.0" } }
(1 row)

EXECUTE distinctQuery('db', 'distinct1', 'b.c');
                        bson_build_distinct_response                        
---------------------------------------------------------------------
 { "values" : [ "foo", "bar", "baz" ], "ok" : { "$numberDouble" : "1.0" } }
(1 row)

SELECT helio_api.insert_one('db', 'distinct2', '{ "a": null }');
NOTICE:  creating collection
                              insert_one                              
---------------------------------------------------------------------
 { "n" : { "$numberInt" : "1" }, "ok" : { "$numberDouble" : "1.0" } }
(1 row)

EXECUTE distinctQuery('db', 'distinct2', 'a.b');
              bson_build_distinct_response               
---------------------------------------------------------------------
 { "values" : [  ], "ok" : { "$numberDouble" : "1.0" } }
(1 row)

SELECT helio_api.insert_one('db', 'distinct2', '{ "b": 1 }');
                              insert_one                              
---------------------------------------------------------------------
 { "n" : { "$numberInt" : "1" }, "ok" : { "$numberDouble" : "1.0" } }
(1 row)

SELECT helio_api.insert_one('db', 'distinct2', '{ }');
                              insert_one                              
---------------------------------------------------------------------
 { "n" : { "$numberInt" : "1" }, "ok" : { "$numberDouble" : "1.0" } }
(1 row)

EXECUTE distinctQuery('db', 'distinct2', 'b');
                         bson_build_distinct_response                          
---------------------------------------------------------------------
 { "values" : [ { "$numberInt" : "1" } ], "ok" : { "$numberDouble" : "1.0" } }
(1 row)

SELECT helio_api.insert_one('db', 'distinct3', '{ "a": [ 1, 2, 3 ] }');
NOTICE:  creating collection
                              insert_one                              
---------------------------------------------------------------------
 { "n" : { "$numberInt" : "1" }, "ok" : { "$numberDouble" : "1.0" } }
(1 row)

SELECT helio_api.insert_one('db', 'distinct3', '{ "a": [ 2, 3, 4 ] }');
                              insert_one                              
---------------------------------------------------------------------
 { "n" : { "$numberInt" : "1" }, "ok" : { "$numberDouble" : "1.0" } }
(1 row)

SELECT helio_api.insert_one('db', 'distinct3', '{ "a": [ 3, 4, 5 ] }');
                              insert_one                              
---------------------------------------------------------------------
 { "n" : { "$numberInt" : "1" }, "ok" : { "$numberDouble" : "1.0" } }
(1 row)

SELECT helio_api.insert_one('db', 'distinct3', '{ "a": 9 }');
                              insert_one                              
---------------------------------------------------------------------
 { "n" : { "$numberInt" : "1" }, "ok" : { "$numberDouble" : "1.0" } }
(1 row)

EXECUTE distinctQuery('db', 'distinct3', 'a');
                                                                                     bson_build_distinct_response                                                                                      
---------------------------------------------------------------------
 { "values" : [ { "$numberInt" : "5" }, { "$numberInt" : "2" }, { "$numberInt" : "9" }, { "$numberInt" : "3" }, { "$numberInt" : "4" }, { "$numberInt" : "1" } ], "ok" : { "$numberDouble" : "1.0" } }
(1 row)

EXECUTE distinctQuery('db', 'distinct3', 'a.0');
                                                 bson_build_distinct_response                                                  
---------------------------------------------------------------------
 { "values" : [ { "$numberInt" : "2" }, { "$numberInt" : "3" }, { "$numberInt" : "1" } ], "ok" : { "$numberDouble" : "1.0" } }
(1 row)

EXECUTE distinctQuery('db', 'distinct3', 'a.1');
                                                 bson_build_distinct_response                                                  
---------------------------------------------------------------------
 { "values" : [ { "$numberInt" : "2" }, { "$numberInt" : "3" }, { "$numberInt" : "4" } ], "ok" : { "$numberDouble" : "1.0" } }
(1 row)

SELECT helio_api.insert_one('db', 'distinct3', '{ "e": [ { "b": "a" }, { "b": "d"} ], "c": 12 }');
                              insert_one                              
---------------------------------------------------------------------
 { "n" : { "$numberInt" : "1" }, "ok" : { "$numberDouble" : "1.0" } }
(1 row)

SELECT helio_api.insert_one('db', 'distinct3', '{ "e": [ { "b": "b" }, { "b": "d"} ], "c": 12 }');
                              insert_one                              
---------------------------------------------------------------------
 { "n" : { "$numberInt" : "1" }, "ok" : { "$numberDouble" : "1.0" } }
(1 row)

SELECT helio_api.insert_one('db', 'distinct3', '{ "e": [ { "b": "c" }, { "b": "e"} ], "c": 12 }');
                              insert_one                              
---------------------------------------------------------------------
 { "n" : { "$numberInt" : "1" }, "ok" : { "$numberDouble" : "1.0" } }
(1 row)

SELECT helio_api.insert_one('db', 'distinct3', '{ "e": [ { "b": "c" }, { "b": "f"} ], "c": 12 }');
                              insert_one                              
---------------------------------------------------------------------
 { "n" : { "$numberInt" : "1" }, "ok" : { "$numberDouble" : "1.0" } }
(1 row)

SELECT helio_api.insert_one('db', 'distinct3', '{ "e": [  ], "c": 12 }');
                              insert_one                              
---------------------------------------------------------------------
 { "n" : { "$numberInt" : "1" }, "ok" : { "$numberDouble" : "1.0" } }
(1 row)

SELECT helio_api.insert_one('db', 'distinct3', '{ "e": { "b": "z" }, "c": 12 }');
                              insert_one                              
---------------------------------------------------------------------
 { "n" : { "$numberInt" : "1" }, "ok" : { "$numberDouble" : "1.0" } }
(1 row)

EXECUTE distinctQuery('db', 'distinct3', 'e.b');
                               bson_build_distinct_response                               
---------------------------------------------------------------------
 { "values" : [ "b", "a", "c", "e", "f", "z", "d" ], "ok" : { "$numberDouble" : "1.0" } }
(1 row)

EXECUTE distinctQuery('db', 'distinct3', 'e.0.b');
                     bson_build_distinct_response                     
---------------------------------------------------------------------
 { "values" : [ "b", "a", "c" ], "ok" : { "$numberDouble" : "1.0" } }
(1 row)

EXECUTE distinctQuery('db', 'distinct3', 'e.1.b');
                     bson_build_distinct_response                     
---------------------------------------------------------------------
 { "values" : [ "e", "f", "d" ], "ok" : { "$numberDouble" : "1.0" } }
(1 row)

EXECUTE distinctQuery('db', 'distinct3', 'e');
                                                                  bson_build_distinct_response                                                                  
---------------------------------------------------------------------
 { "values" : [ { "b" : "c" }, { "b" : "b" }, { "b" : "d" }, { "b" : "a" }, { "b" : "e" }, { "b" : "z" }, { "b" : "f" } ], "ok" : { "$numberDouble" : "1.0" } }
(1 row)

EXECUTE distinctQueryWithFilter('db', 'distinct3', 'e.b', '{ "e.b": { "$gt": "d" } }');
                       bson_build_distinct_response                        
---------------------------------------------------------------------
 { "values" : [ "f", "c", "z", "e" ], "ok" : { "$numberDouble" : "1.0" } }
(1 row)

SELECT helio_api.insert_one('db', 'distinct4', '{ "a": { "b": { "c": 1 } } }');
NOTICE:  creating collection
                              insert_one                              
---------------------------------------------------------------------
 { "n" : { "$numberInt" : "1" }, "ok" : { "$numberDouble" : "1.0" } }
(1 row)

SELECT helio_api.insert_one('db', 'distinct4', '{ "a": { "b": { "c": 2 } } }');
                              insert_one                              
---------------------------------------------------------------------
 { "n" : { "$numberInt" : "1" }, "ok" : { "$numberDouble" : "1.0" } }
(1 row)

SELECT helio_api.insert_one('db', 'distinct4', '{ "a": { "b": { "c": 3 } } }');
                              insert_one                              
---------------------------------------------------------------------
 { "n" : { "$numberInt" : "1" }, "ok" : { "$numberDouble" : "1.0" } }
(1 row)

SELECT helio_api.insert_one('db', 'distinct4', '{ "a": { "b": { "notRelevant": 3 } } }');
                              insert_one                              
---------------------------------------------------------------------
 { "n" : { "$numberInt" : "1" }, "ok" : { "$numberDouble" : "1.0" } }
(1 row)

SELECT helio_api.insert_one('db', 'distinct4', '{ "a": { "notRelevant": 3 } }');
                              insert_one                              
---------------------------------------------------------------------
 { "n" : { "$numberInt" : "1" }, "ok" : { "$numberDouble" : "1.0" } }
(1 row)

EXECUTE distinctQueryWithFilter('db', 'distinct4', 'a.b.c', '{ "a.b.c": { "$gt": 0 } }');
                                                 bson_build_distinct_response                                                  
---------------------------------------------------------------------
 { "values" : [ { "$numberInt" : "3" }, { "$numberInt" : "2" }, { "$numberInt" : "1" } ], "ok" : { "$numberDouble" : "1.0" } }
(1 row)

EXECUTE distinctQueryWithFilter('db', 'distinct4', 'a.b.c', '{ "a.b.c": { "$gt": 1 } }');
                                     bson_build_distinct_response                                      
---------------------------------------------------------------------
 { "values" : [ { "$numberInt" : "3" }, { "$numberInt" : "2" } ], "ok" : { "$numberDouble" : "1.0" } }
(1 row)

-- test for DBRef
SELECT helio_api.insert_one('db', 'distinct5', '{ "a": 1, "b": { "$ref" : "distinct6", "$id" : { "$oid" : "147f000000c1de008ec19ceb" }}}');
NOTICE:  creating collection
                              insert_one                              
---------------------------------------------------------------------
 { "n" : { "$numberInt" : "1" }, "ok" : { "$numberDouble" : "1.0" } }
(1 row)

select helio_api.insert_one('db', 'distinct5', '{ "a": 2, "b": { "$ref" : "distinct6", "$id" : { "$oid" : "147f000000c1de008ec19cea" }}}');
                              insert_one                              
---------------------------------------------------------------------
 { "n" : { "$numberInt" : "1" }, "ok" : { "$numberDouble" : "1.0" } }
(1 row)

select helio_api.insert_one('db', 'distinct5', '{ "a": 3, "b": { "$ref" : "distinct6", "$id" : { "$oid" : "147f000000c1de008ec19cea" }}}');
                              insert_one                              
---------------------------------------------------------------------
 { "n" : { "$numberInt" : "1" }, "ok" : { "$numberDouble" : "1.0" } }
(1 row)

select helio_api.insert_one('db', 'distinct6', '{ "_id": { "$oid" : "147f000000c1de008ec19cea" }, "c": 1}');
NOTICE:  creating collection
                              insert_one                              
---------------------------------------------------------------------
 { "n" : { "$numberInt" : "1" }, "ok" : { "$numberDouble" : "1.0" } }
(1 row)

select helio_api.insert_one('db', 'distinct6', '{ "_id": { "$oid" : "147f000000c1de008ec19ceb" }, "c": 2}');
                              insert_one                              
---------------------------------------------------------------------
 { "n" : { "$numberInt" : "1" }, "ok" : { "$numberDouble" : "1.0" } }
(1 row)

EXECUTE distinctQueryWithFilter('db', 'distinct5', 'a', '{ "b": { "$ref": "distinct6", "$id": { "$oid" : "147f000000c1de008ec19ceb" } } }');
                         bson_build_distinct_response                          
---------------------------------------------------------------------
 { "values" : [ { "$numberInt" : "1" } ], "ok" : { "$numberDouble" : "1.0" } }
(1 row)

EXECUTE distinctQueryWithFilter('db', 'distinct5', 'a', '{ "b": { "$ref": "distinct6", "$id": { "$oid" : "147f000000c1de008ec19cea" } } }');
                                     bson_build_distinct_response                                      
---------------------------------------------------------------------
 { "values" : [ { "$numberInt" : "3" }, { "$numberInt" : "2" } ], "ok" : { "$numberDouble" : "1.0" } }
(1 row)

-- negative tests
EXECUTE distinctQueryWithFilter('db', 'distinct5', 'a', '{ "b": { "$id": { "$oid" : "147f000000c1de008ec19cea" }, "$ref": "distinct6" } }');
ERROR:  unknown operator: $id
EXECUTE distinctQueryWithFilter('db', 'distinct5', 'a', '{ "b": { "$ref": "distinct6", "$id": { "$oid" : "147f000000c1de008ec19cea" }, "$un": "t" } }');
ERROR:  unknown key for DBRef, only $ref, $id and $db are allowed
-- optional parameter - $db
SELECT helio_api.insert_one('db2', 'distinct7', '{ "d": 20, "b": { "$ref" : "distinct6", "$id" : { "$oid" : "147f000000c1de008ec19ceb" }, "$db": "db" }}');
NOTICE:  creating collection
                              insert_one                              
---------------------------------------------------------------------
 { "n" : { "$numberInt" : "1" }, "ok" : { "$numberDouble" : "1.0" } }
(1 row)

SELECT helio_api.insert_one('db2', 'distinct7', '{ "d": 30, "b": { "$ref" : "distinct6", "$id" : { "$oid" : "147f000000c1de008ec19ceb" }}}');
                              insert_one                              
---------------------------------------------------------------------
 { "n" : { "$numberInt" : "1" }, "ok" : { "$numberDouble" : "1.0" } }
(1 row)

-- expect to get 20
EXECUTE distinctQueryWithFilter('db2', 'distinct7', 'd', '{ "b": { "$ref": "distinct6", "$id": { "$oid" : "147f000000c1de008ec19ceb" }, "$db": "db" } }');
                          bson_build_distinct_response                          
---------------------------------------------------------------------
 { "values" : [ { "$numberInt" : "20" } ], "ok" : { "$numberDouble" : "1.0" } }
(1 row)

-- expect to get 30
EXECUTE distinctQueryWithFilter('db2', 'distinct7', 'd', '{ "b": { "$ref": "distinct6", "$id": { "$oid" : "147f000000c1de008ec19ceb" } } }');
                          bson_build_distinct_response                          
---------------------------------------------------------------------
 { "values" : [ { "$numberInt" : "30" } ], "ok" : { "$numberDouble" : "1.0" } }
(1 row)

